// Jest Snapshot v1, https://goo.gl/fbAQLP

exports[`About testing About matches the snapshot 1`] = `
<div>
  <div
    class="topbar"
  >
    <span>
      <a
        class="notice-link"
        href="#"
      >
        <i
          aria-hidden="true"
          class="fa fa-bell"
        />
      </a>
    </span>
    <a
      href="#"
    >
      <i
        aria-hidden="true"
        class="fa fa-sign-out"
      />
    </a>
  </div>
  <div
    class="content content-inner"
  >
    <div
      class="container"
    >
      <div
        class="title-wrap"
      >
        <h1>
          О сервисе
        </h1>
      </div>
      <p>
        Далеко-далеко за словесными горами в стране гласных и согласных живут рыбные тексты. Деревни последний грамматики языком скатился большого! Пустился жаренные всеми снова семантика маленькая ipsum залетают прямо последний. Пустился от всех не проектах! Имени не необходимыми lorem, свой пояс сбить реторический все! Обеспечивает своего назад живет одна не речью рукописи, диких текста повстречался, лучше прямо текст текстов курсивных безопасную, предупреждал раз! Напоивший, единственное.
      </p>
    </div>
  </div>
</div>
`;
